[1;33mCleaning build directory...[0m
[0;34mConfiguring build...[0m
-- The CXX compiler identification is GNU 13.3.0
-- Detecting CXX compiler ABI info
-- Detecting CXX compiler ABI info - done
-- Check for working CXX compiler: /usr/bin/c++ - skipped
-- Detecting CXX compile features
-- Detecting CXX compile features - done
-- Performing Test CMAKE_HAVE_LIBC_PTHREAD
-- Performing Test CMAKE_HAVE_LIBC_PTHREAD - Success
-- Found Threads: TRUE  
-- spdlog found - logging will be available
-- Configuring done (0.6s)
-- Generating done (0.0s)
-- Build files have been written to: /home/jirka/repositories/cprime/build
[0;34mBuilding with 12 parallel jobs...[0m
